This is XeTeX, Version 3.141592653-2.6-0.999997 (MiKTeX 25.12) (preloaded format=xelatex 2026.9.28)  30 SEP 2026 09:24
entering extended mode
 restricted \write18 enabled.
 file:line:error style messages enabled.
 %&-line parsing enabled.
**c:/Users/rs97881/Desktop/TFG/examples/tutor_tutor.tex
(c:/Users/rs97881/Desktop/TFG/examples/tutor_tutor.tex
LaTeX2e <2025-11-01>
L3 programming layer <2025-12-24>
(C:\Users\rs97881\AppData\Local\Programs\MiKTeX\tex/latex/base\report.cls
Document Class: report 2025/01/22 v1.4n Standard LaTeX document class
(C:\Users\rs97881\AppData\Local\Programs\MiKTeX\tex/latex/base\size10.clo
File: size10.clo 2025/01/22 v1.4n Standard LaTeX file (size option)
)
\c@part=\count271
\c@chapter=\count272
\c@section=\count273
\c@subsection=\count274
\c@subsubsection=\count275
\c@paragraph=\count276
\c@subparagraph=\count277
\c@figure=\count278
\c@table=\count279
\abovecaptionskip=\skip49
\belowcaptionskip=\skip50
\bibindent=\dimen148
)

! LaTeX Error: File `template/sty_files/template-TFGenglish-uma.sty' not found.


Type X to quit or <RETURN> to proceed,
or enter new name. (Default extension: sty)

Enter file name: 
c:/Users/rs97881/Desktop/TFG/examples/tutor_tutor.tex:6: Emergency stop.
<read *> 
         
l.6 ^^M
       
*** (cannot \read from terminal in nonstop modes)

 
Here is how much of TeX's memory you used:
 266 strings out of 402987
 3310 string characters out of 5448110
 426385 words of memory out of 5000000
 29050 multiletter control sequences out of 15000+600000
 627729 words of font info for 41 fonts, out of 8000000 for 9000
 1348 hyphenation exceptions out of 8191
 35i,0n,38p,168b,40s stack positions out of 10000i,1000n,20000p,200000b,200000s
No pages of output.
